[m100.ditsolution.net/html/cat-shop/index.html]
[backblue.gif]
[fade.gif]
[index.html]
[m100.ditsolution.net/html/cat-shop/assets/images/favicon/fav-icon.png]
[m100.ditsolution.net/html/cat-shop/assets/css/bootstrap.min.css]
[m100.ditsolution.net/html/cat-shop/assets/css/animate.css]
[m100.ditsolution.net/html/cat-shop/assets/css/all.min.css]
[m100.ditsolution.net/html/cat-shop/assets/css/flaticon.css]
[cdn-uicons.flaticon.com/uicons-solid-straight/css/uicons-solid-straight.css]
[m100.ditsolution.net/html/cat-shop/assets/css/custom-default.css]
[m100.ditsolution.net/html/cat-shop/assets/css/meanmenu.min.css]
[m100.ditsolution.net/html/cat-shop/assets/css/animated-text.css]
[m100.ditsolution.net/html/cat-shop/venobox/venobox.css]
[m100.ditsolution.net/html/cat-shop/assets/css/slick.css]
[m100.ditsolution.net/html/cat-shop/assets/css/bootstrap-icons.css]
[m100.ditsolution.net/html/cat-shop/assets/css/responsive.css]
[m100.ditsolution.net/html/cat-shop/assets/images/main-thumb/cat-logo.png]
[m100.ditsolution.net/html/cat-shop/assets/css/style.css]
[m100.ditsolution.net/html/cat-shop/index-2.html]
[m100.ditsolution.net/html/cat-shop/index2.html]
[m100.ditsolution.net/html/cat-shop/shop.html]
[m100.ditsolution.net/html/cat-shop/shop-details.html]
[m100.ditsolution.net/html/cat-shop/service.html]
[m100.ditsolution.net/html/cat-shop/service-details.html]
[m100.ditsolution.net/html/cat-shop/team-member.html]
[m100.ditsolution.net/html/cat-shop/testimonial.html]
[m100.ditsolution.net/html/cat-shop/about.html]
[m100.ditsolution.net/html/cat-shop/pricing.html]
[m100.ditsolution.net/html/cat-shop/why-choose-us.html]
[m100.ditsolution.net/html/cat-shop/cart.html]
[m100.ditsolution.net/html/cat-shop/checkout.html]
[m100.ditsolution.net/html/cat-shop/faq.html]
[m100.ditsolution.net/html/cat-shop/blog.html]
[m100.ditsolution.net/html/cat-shop/blog-list.html]
[m100.ditsolution.net/html/cat-shop/blog-details.html]
[m100.ditsolution.net/html/cat-shop/contact.html]
[m100.ditsolution.net/html/cat-shop/assets/images/main-thumb/banner-thumb7.png]
[m100.ditsolution.net/html/cat-shop/assets/images/shape/banner-shape.png]
[m100.ditsolution.net/html/cat-shop/assets/images/shape/banner-shape2.png]
[m100.ditsolution.net/html/cat-shop/assets/images/shape/banner-shape3.png]
[m100.ditsolution.net/html/cat-shop/assets/images/shape/banner-shape4.png]
[m100.ditsolution.net/html/cat-shop/assets/images/shape/banner-shape5.png]
[m100.ditsolution.net/html/cat-shop/assets/images/main-thumb/banner-thumb2.png]
[m100.ditsolution.net/html/cat-shop/assets/images/main-thumb/banner-thumb.png]
[m100.ditsolution.net/html/cat-shop/assets/images/main-thumb/banner-thumb4.png]
[m100.ditsolution.net/html/cat-shop/assets/images/main-thumb/banner-thumb3.png]
[m100.ditsolution.net/html/cat-shop/assets/images/main-thumb/category-thumb.png]
[m100.ditsolution.net/html/cat-shop/assets/images/main-thumb/category-thumb2.png]
[m100.ditsolution.net/html/cat-shop/assets/images/main-thumb/category-thumb3.png]
[m100.ditsolution.net/html/cat-shop/assets/images/main-thumb/category-thumb4.png]
[m100.ditsolution.net/html/cat-shop/assets/images/main-thumb/category-thumb5.png]
[m100.ditsolution.net/html/cat-shop/assets/images/main-thumb/category-box-thumb.png]
[m100.ditsolution.net/html/cat-shop/assets/images/main-thumb/category-box-thumb2.png]
[m100.ditsolution.net/html/cat-shop/assets/images/main-thumb/category-box-thumb3.png]
[m100.ditsolution.net/html/cat-shop/assets/images/main-thumb/collection-thumb.jpg]
[m100.ditsolution.net/html/cat-shop/assets/images/main-thumb/collection-thumb2.jpg]
[m100.ditsolution.net/html/cat-shop/assets/images/main-thumb/collection-thumb3.jpg]
[m100.ditsolution.net/html/cat-shop/assets/images/main-thumb/collection-thumb4.jpg]
[m100.ditsolution.net/html/cat-shop/assets/images/main-thumb/brand-thumb.png]
[m100.ditsolution.net/html/cat-shop/assets/images/main-thumb/brand-thumb2.png]
[m100.ditsolution.net/html/cat-shop/assets/images/main-thumb/brand-thumb3.png]
[m100.ditsolution.net/html/cat-shop/assets/images/main-thumb/brand-thumb4.png]
[m100.ditsolution.net/html/cat-shop/assets/images/main-thumb/brand-thumb5.png]
[m100.ditsolution.net/html/cat-shop/assets/images/main-thumb/collection-thumb5.jpg]
[m100.ditsolution.net/html/cat-shop/assets/images/main-thumb/collection-thumb6.jpg]
[m100.ditsolution.net/html/cat-shop/assets/images/main-thumb/collection-thumb7.jpg]
[m100.ditsolution.net/html/cat-shop/assets/images/main-thumb/collection-thumb8.jpg]
[m100.ditsolution.net/html/cat-shop/assets/images/main-thumb/customer-thumb.png]
[m100.ditsolution.net/html/cat-shop/assets/images/main-thumb/customer-thumb2.png]
[m100.ditsolution.net/html/cat-shop/assets/images/main-thumb/customer-thumb3.png]
[m100.ditsolution.net/html/cat-shop/assets/images/main-thumb/latest-news-thumb.jpg]
[m100.ditsolution.net/html/cat-shop/assets/images/main-thumb/latest-news-thumb7.jpg]
[m100.ditsolution.net/html/cat-shop/assets/images/main-thumb/latest-news-thumb3.jpg]
[m100.ditsolution.net/html/cat-shop/assets/images/main-thumb/brand2-thumb.png]
[m100.ditsolution.net/html/cat-shop/assets/images/main-thumb/brand2-thumb2.png]
[m100.ditsolution.net/html/cat-shop/assets/images/main-thumb/brand2-thumb3.png]
[m100.ditsolution.net/html/cat-shop/assets/images/main-thumb/brand2-thumb4.png]
[m100.ditsolution.net/html/cat-shop/assets/images/main-thumb/brand2-thumb5.png]
[m100.ditsolution.net/html/cat-shop/assets/images/shape/footer-shape.png]
[m100.ditsolution.net/html/cat-shop/assets/images/shape/footer-shape2.png]
[m100.ditsolution.net/html/cat-shop/assets/images/shape/footer-shape3.png]
[m100.ditsolution.net/html/cat-shop/assets/images/shape/footer-shape_2.png]
[m100.ditsolution.net/html/cat-shop/index-3.html]
[m100.ditsolution.net/html/cat-shop/shop-2.html]
[m100.ditsolution.net/html/cat-shop/assets/js/vendor/modernizr-3.5.0.min.js]
[m100.ditsolution.net/html/cat-shop/assets/js/vendor/jquery-3.7.1.min.js]
[m100.ditsolution.net/html/cat-shop/assets/js/popper.min.js]
[m100.ditsolution.net/html/cat-shop/assets/js/jquery.counterup.min.js]
[m100.ditsolution.net/html/cat-shop/assets/js/waypoints.min.js]
[m100.ditsolution.net/html/cat-shop/assets/js/bootstrap.min.js]
[m100.ditsolution.net/html/cat-shop/assets/js/wow.js]
[m100.ditsolution.net/html/cat-shop/assets/js/imagesloaded.pkgd.min.js]
[m100.ditsolution.net/html/cat-shop/venobox/venobox.js]
[m100.ditsolution.net/html/cat-shop/assets/js/animated-text.js]
[m100.ditsolution.net/html/cat-shop/venobox/venobox.min.js]
[m100.ditsolution.net/html/cat-shop/assets/js/ajax-mail.js]
[m100.ditsolution.net/html/cat-shop/assets/js/jquery.meanmenu.js]
[m100.ditsolution.net/html/cat-shop/assets/js/jquery.scrollUp.js]
[m100.ditsolution.net/html/cat-shop/assets/js/jquery.barfiller.js]
[m100.ditsolution.net/html/cat-shop/assets/js/custom.js]
[m100.ditsolution.net/html/cat-shop/index.html]
[m100.ditsolution.net/html/cat-shop/assets/js/slick.min.js]
[m100.ditsolution.net/html/cat-shop/assets/css/bootstrap.min.css]
[m100.ditsolution.net/html/cat-shop/assets/css/animate.css]
[m100.ditsolution.net/html/cat-shop/assets/css/animated-text.css]
[m100.ditsolution.net/html/cat-shop/assets/js/isotope.pkgd.min.js]
[m100.ditsolution.net/html/cat-shop/assets/webfonts/fa-brands-400.eot]
[m100.ditsolution.net/html/cat-shop/assets/webfonts/fa-brands-400.woff2]
[m100.ditsolution.net/html/cat-shop/assets/webfonts/fa-brands-400d41d.eot]
[m100.ditsolution.net/html/cat-shop/assets/webfonts/fa-brands-400.woff]
[m100.ditsolution.net/html/cat-shop/assets/webfonts/fa-brands-400.ttf]
[m100.ditsolution.net/html/cat-shop/assets/webfonts/fa-regular-400.eot]
[m100.ditsolution.net/html/cat-shop/assets/webfonts/fa-regular-400d41d.eot]
[m100.ditsolution.net/html/cat-shop/assets/webfonts/fa-regular-400.woff2]
[m100.ditsolution.net/html/cat-shop/assets/webfonts/fa-brands-400.svg]
[m100.ditsolution.net/html/cat-shop/assets/webfonts/fa-regular-400.woff]
[m100.ditsolution.net/html/cat-shop/assets/webfonts/fa-regular-400.ttf]
[m100.ditsolution.net/html/cat-shop/assets/webfonts/fa-regular-400.svg]
[m100.ditsolution.net/html/cat-shop/assets/webfonts/fa-solid-900.eot]
[m100.ditsolution.net/html/cat-shop/assets/webfonts/fa-solid-900d41d.eot]
[m100.ditsolution.net/html/cat-shop/assets/webfonts/fa-solid-900.woff2]
[m100.ditsolution.net/html/cat-shop/assets/webfonts/fa-solid-900.woff]
[m100.ditsolution.net/html/cat-shop/assets/webfonts/fa-solid-900.ttf]
[m100.ditsolution.net/html/cat-shop/assets/css/all.min.css]
[m100.ditsolution.net/html/cat-shop/assets/webfonts/fa-solid-900.svg]
[m100.ditsolution.net/html/cat-shop/assets/fonts/Flaticon.eot]
[m100.ditsolution.net/html/cat-shop/assets/fonts/Flaticond41dd41d.eot]
[m100.ditsolution.net/html/cat-shop/assets/fonts/Flaticon.woff2]
[m100.ditsolution.net/html/cat-shop/assets/fonts/Flaticon.woff]
[m100.ditsolution.net/html/cat-shop/assets/fonts/Flaticon.ttf]
[m100.ditsolution.net/html/cat-shop/assets/css/flaticon.css]
[cdn-uicons.flaticon.com/uicons-solid-straight/css/uicons-solid-straight.css]
[m100.ditsolution.net/html/cat-shop/assets/css/custom-default.css]
[m100.ditsolution.net/html/cat-shop/assets/css/meanmenu.min.css]
[m100.ditsolution.net/html/cat-shop/assets/fonts/Flaticon.svg]
[m100.ditsolution.net/html/cat-shop/venobox/preload-circle.png]
[m100.ditsolution.net/html/cat-shop/venobox/close.gif]
[m100.ditsolution.net/html/cat-shop/venobox/prev.gif]
[m100.ditsolution.net/html/cat-shop/venobox/next.gif]
[m100.ditsolution.net/html/cat-shop/venobox/venobox.css]
[m100.ditsolution.net/html/cat-shop/assets/css/fonts/bootstrap-iconsd862.woff2]
[m100.ditsolution.net/html/cat-shop/assets/css/fonts/bootstrap-iconsd862.woff]
[m100.ditsolution.net/html/cat-shop/assets/css/bootstrap-icons.css]
[m100.ditsolution.net/html/cat-shop/assets/css/slick.css]
[m100.ditsolution.net/html/cat-shop/assets/images/main-thumb/banner-bg.jpg]
[m100.ditsolution.net/html/cat-shop/assets/images/main-thumb/offer-bg.jpg]
[m100.ditsolution.net/html/cat-shop/assets/images/main-thumb/banner2-bg.jpg]
[m100.ditsolution.net/html/cat-shop/assets/images/main-thumb/about-bg.png]
[m100.ditsolution.net/html/cat-shop/assets/images/main-thumb/rely-item-bg.jpg]
[m100.ditsolution.net/html/cat-shop/assets/images/shape/pricing-plan.png]
[m100.ditsolution.net/html/cat-shop/assets/images/main-thumb/blog-list-contact.jpg]
[m100.ditsolution.net/html/cat-shop/assets/images/main-thumb/blog-list-thumb.jpg]
[m100.ditsolution.net/html/cat-shop/assets/images/icons/angle-down-solid.svg]
[m100.ditsolution.net/html/cat-shop/assets/css/style.css]
[m100.ditsolution.net/html/cat-shop/assets/css/responsive.css]
[m100.ditsolution.net/html/cat-shop/index-2.html]
[m100.ditsolution.net/html/cat-shop/assets/images/main-thumb/banner2-thumb.jpg]
[m100.ditsolution.net/html/cat-shop/assets/images/main-thumb/banner2-thumb2.jpg]
[m100.ditsolution.net/html/cat-shop/assets/images/main-thumb/banner2-thumb3.jpg]
[m100.ditsolution.net/html/cat-shop/assets/images/main-thumb/banner2-thumb4.jpg]
[m100.ditsolution.net/html/cat-shop/assets/images/main-thumb/banner2-thumb5.jpg]
[m100.ditsolution.net/html/cat-shop/assets/images/main-thumb/about-thumb.png]
[m100.ditsolution.net/html/cat-shop/assets/images/icon/process-icon.png]
[m100.ditsolution.net/html/cat-shop/assets/images/icon/process-icon2.png]
[m100.ditsolution.net/html/cat-shop/assets/images/icon/process-icon3.png]
[m100.ditsolution.net/html/cat-shop/assets/images/icon/process-icon4.png]
[m100.ditsolution.net/html/cat-shop/assets/images/main-thumb/rewarded-thumb.png]
[m100.ditsolution.net/html/cat-shop/assets/images/shape/rewarded-shape.png]
[m100.ditsolution.net/html/cat-shop/assets/images/shape/rewarded-shape2.png]
[m100.ditsolution.net/html/cat-shop/assets/images/shape/rewarded-shape3.png]
[m100.ditsolution.net/html/cat-shop/assets/images/icon/rely-icon.png]
[m100.ditsolution.net/html/cat-shop/assets/images/icon/rely-icon3.png]
[m100.ditsolution.net/html/cat-shop/assets/images/icon/rely-icon5.png]
[m100.ditsolution.net/html/cat-shop/assets/images/icon/rely-icon2.png]
[m100.ditsolution.net/html/cat-shop/assets/images/icon/rely-icon4.png]
[m100.ditsolution.net/html/cat-shop/assets/images/icon/rely-icon6.png]
[m100.ditsolution.net/html/cat-shop/assets/js/jquery-migrate-3.4.0.js]
[m100.ditsolution.net/html/cat-shop/index2.html]
[m100.ditsolution.net/html/cat-shop/assets/images/video/banner-inner-bg.mp4]
[m100.ditsolution.net/html/cat-shop/shop.html]
[m100.ditsolution.net/html/cat-shop/shop-details.html]
[m100.ditsolution.net/html/cat-shop/about.html]
[m100.ditsolution.net/html/cat-shop/service.html]
[m100.ditsolution.net/html/cat-shop/assets/images/main-thumb/blog-list-thumb3.jpg]
[m100.ditsolution.net/html/cat-shop/page-service-details.html]
[m100.ditsolution.net/html/cat-shop/assets/images/main-thumb/logo-four.png]
[m100.ditsolution.net/html/cat-shop/page-contact.html]
[m100.ditsolution.net/html/cat-shop/eror.html]
[m100.ditsolution.net/html/cat-shop/service-details.html]
[m100.ditsolution.net/html/cat-shop/assets/images/main-thumb/team-thumb.jpg]
[m100.ditsolution.net/html/cat-shop/assets/images/main-thumb/team-thumb2.jpg]
[m100.ditsolution.net/html/cat-shop/assets/images/main-thumb/team-thumb3.jpg]
[m100.ditsolution.net/html/cat-shop/team-member.html]
[m100.ditsolution.net/html/cat-shop/testimonial.html]
[m100.ditsolution.net/html/cat-shop/pricing.html]
[m100.ditsolution.net/html/cat-shop/why-choose-us.html]
[m100.ditsolution.net/html/cat-shop/cart.html]
[m100.ditsolution.net/html/cat-shop/checkout.html]
[m100.ditsolution.net/html/cat-shop/faq.html]
[m100.ditsolution.net/html/cat-shop/assets/images/main-thumb/latest-news-thumb4.jpg]
[m100.ditsolution.net/html/cat-shop/assets/images/main-thumb/latest-news-thumb5.jpg]
[m100.ditsolution.net/html/cat-shop/assets/images/main-thumb/latest-news-thumb6.jpg]
[m100.ditsolution.net/html/cat-shop/blog.html]
[m100.ditsolution.net/html/cat-shop/assets/images/main-thumb/blog-list-thumb2.jpg]
[m100.ditsolution.net/html/cat-shop/assets/images/main-thumb/blog-list-thumb4.jpg]
[m100.ditsolution.net/html/cat-shop/assets/images/main-thumb/blog-list-thumb5.jpg]
[m100.ditsolution.net/html/cat-shop/blog-list.html]
[m100.ditsolution.net/html/cat-shop/assets/images/main-thumb/blog-details-thumb.jpg]
[m100.ditsolution.net/html/cat-shop/404.html]
[m100.ditsolution.net/html/cat-shop/blog-details.html]
[m100.ditsolution.net/html/cat-shop/contact.html]
[m100.ditsolution.net/html/cat-shop/index-3.html]
[m100.ditsolution.net/html/cat-shop/shop-2.html]
[m100.ditsolution.net/html/cat-shop/assets/images/main-thumb/latest-news-thumb.jpg]
[m100.ditsolution.net/html/cat-shop/assets/js/vendor/modernizr-3.5.0.min.js]
[m100.ditsolution.net/html/cat-shop/assets/js/vendor/jquery-3.7.1.min.js]
[m100.ditsolution.net/html/cat-shop/assets/js/popper.min.js]
[m100.ditsolution.net/html/cat-shop/assets/js/bootstrap.min.js]
[m100.ditsolution.net/html/cat-shop/assets/js/jquery.counterup.min.js]
[m100.ditsolution.net/html/cat-shop/assets/js/waypoints.min.js]
[m100.ditsolution.net/html/cat-shop/assets/js/wow.js]
[m100.ditsolution.net/html/cat-shop/assets/js/imagesloaded.pkgd.min.js]
[m100.ditsolution.net/html/cat-shop/venobox/venobox.js]
[m100.ditsolution.net/html/cat-shop/assets/js/animated-text.js]
[m100.ditsolution.net/html/cat-shop/venobox/venobox.min.js]
[m100.ditsolution.net/html/cat-shop/assets/js/isotope.pkgd.min.js]
[m100.ditsolution.net/html/cat-shop/assets/js/ajax-mail.js]
[m100.ditsolution.net/html/cat-shop/assets/js/jquery.meanmenu.js]
[m100.ditsolution.net/html/cat-shop/assets/js/jquery.scrollUp.js]
[m100.ditsolution.net/html/cat-shop/assets/js/jquery.barfiller.js]
[m100.ditsolution.net/html/cat-shop/assets/js/custom.js]
[m100.ditsolution.net/html/cat-shop/assets/js/slick.min.js]
[m100.ditsolution.net/html/cat-shop/assets/webfonts/fa-brands-400.svg]
[m100.ditsolution.net/html/cat-shop/assets/webfonts/fa-regular-400.svg]
[m100.ditsolution.net/html/cat-shop/assets/webfonts/fa-solid-900.svg]
[m100.ditsolution.net/html/cat-shop/assets/fonts/Flaticond41dd41d.html]
[m100.ditsolution.net/html/cat-shop/assets/fonts/Flaticon.svg]
[m100.ditsolution.net/html/cat-shop/assets/images/icons/angle-down-solid.html]
[m100.ditsolution.net/html/cat-shop/assets/js/jquery-migrate-3.4.0.js]
[m100.ditsolution.net/html/cat-shop/page-service-details.html]
[m100.ditsolution.net/html/cat-shop/assets/images/main-thumb/logo-four.html]
[m100.ditsolution.net/html/cat-shop/page-contact.html]
[m100.ditsolution.net/html/cat-shop/eror.html]
[m100.ditsolution.net/html/cat-shop/404.html]
